// Jest Snapshot v1, https://goo.gl/fbAQLP

exports[`You can set label 1`] = `
<button
  className="btn"
>
  My label
</button>
`;
