// Jest Snapshot v1, https://goo.gl/fbAQLP

exports[`renders homepage unchanged 1`] = `
<div
  className="container"
>
  <main>
    <div>
      <ul />
      <form
        onSubmit={[Function]}
      >
        <button
          type="submit"
        >
          +
        </button>
        <input
          onChange={[Function]}
          placeholder="Enter something..."
          type="text"
          value=""
        />
      </form>
    </div>
  </main>
</div>
`;
